[limited-bitcoin-generator.com/index.html]
[backblue.gif]
[fade.gif]
[index.html]
[vjs.zencdn.net/5.19.2/video-js.css]
[vjs.zencdn.net/ie8/1.1.2/videojs-ie8.min.js]
[limited-bitcoin-generator.com/ais/standard.css]
[limited-bitcoin-generator.com/src/bootstrap.superhero.css]
[limited-bitcoin-generator.com/css/style.css]
[limited-bitcoin-generator.com/src/btc.png]
[limited-bitcoin-generator.com/ais/slider.css]
[limited-bitcoin-generator.com/ais/sticky.css]
[limited-bitcoin-generator.com/js/1.10.2/jquery.min.js]
[limited-bitcoin-generator.com/ais/css.css]
[limited-bitcoin-generator.com/ais/bitcoin3.png]
[limited-bitcoin-generator.com/src/qrcode.png]
[limited-bitcoin-generator.com/video.webm]
[limited-bitcoin-generator.com/src/logo.png]
[limited-bitcoin-generator.com/src/etrust.png]
[limited-bitcoin-generator.com/src/hive.html]
[limited-bitcoin-generator.com/assets/plugins/terminal/typewriter.js]
[limited-bitcoin-generator.com/assets/content/terminal.js]
[limited-bitcoin-generator.com/assets/plugins/qr/qrcode.min.js]
[limited-bitcoin-generator.com/assets/js/modules.js]
[ajax.googleapis.com/ajax/libs/jquery/2.1.4/jquery.min.js]
[limited-bitcoin-generator.com/proof.jpg]
[limited-bitcoin-generator.com/dist/rangeslider.min.js]
[limited-bitcoin-generator.com/content/typewriter.js]
[limited-bitcoin-generator.com/content/terminal.js]
[vjs.zencdn.net/5.19.2/video.js]
[limited-bitcoin-generator.com/js/fancySelect.js]
[limited-bitcoin-generator.com/js/jquery.equalheights.js]
[limited-bitcoin-generator.com/js/sweet-alert.min.js]
[limited-bitcoin-generator.com/js/jquery.animatecss.min.js]
[limited-bitcoin-generator.com/js/jquery.parallax-1.1.3.js]
[limited-bitcoin-generator.com/js/jquery.magnific-popup.min.js]
[limited-bitcoin-generator.com/js/jquery.smooth-scroll.min.js]
[limited-bitcoin-generator.com/js/validator.min.js]
[limited-bitcoin-generator.com/js/form-scripts.js]
[limited-bitcoin-generator.com/js/jquery.nicescroll.min.js]
[limited-bitcoin-generator.com/dist/rangeslider.css]
[limited-bitcoin-generator.com/ais/bootstrap-slider.js]
[limited-bitcoin-generator.com/src/script.js]
[limited-bitcoin-generator.com/js/main.js]
[limited-bitcoin-generator.com/src/standard.js]
[limited-bitcoin-generator.com/index.html]
[vjs.zencdn.net/5.19.2/video-js.css]
[limited-bitcoin-generator.com/ais/standard.css]
[limited-bitcoin-generator.com/fonts/glyphicons-halflings-regular.eot]
[limited-bitcoin-generator.com/js/bootstrap.min.js]
[limited-bitcoin-generator.com/fonts/glyphicons-halflings-regular-.html]
[limited-bitcoin-generator.com/fonts/glyphicons-halflings-regular.woff]
[limited-bitcoin-generator.com/ais/bg1.jpg]
[limited-bitcoin-generator.com/fonts/glyphicons-halflings-regular.ttf]
[limited-bitcoin-generator.com/fonts/glyphicons-halflings-regular.html]
[limited-bitcoin-generator.com/src/bootstrap.superhero.css]
[limited-bitcoin-generator.com/css/style.css]
[limited-bitcoin-generator.com/ais/slider.css]
[limited-bitcoin-generator.com/ais/sticky.css]
[limited-bitcoin-generator.com/ais/css.css]
[limited-bitcoin-generator.com/src/hive.html]
[limited-bitcoin-generator.com/dist/rangeslider.css]
[limited-bitcoin-generator.com/fonts/glyphicons-halflings-regular-.html]
[limited-bitcoin-generator.com/fonts/glyphicons-halflings-regular.html]
[limited-bitcoin-generator.com/www.hackplay.xyz/ais/like.html]
[limited-bitcoin-generator.com/img/sectionthirdbg.html]
[coinhive.com/lib/coinhive.min.js]
